..\.venv\Scripts\python.exe : C:\Users\Velina\Documents\GitHub\spann\.venv
\Lib\site-packages\pytest_asyncio\plugin.py:208: 
PytestDeprecationWarning: The configuration option 
"asyncio_default_fixture_loop_scope" is unset.
At line:1 char:144
+ ... on backend; ..\.venv\Scripts\python.exe -m pytest tests -v 
--cov=app  ...
+                 
~~~~~~~~~~~~~~~~~~~~~~~~~~~~~~~~~~~~~~~~~~~~~~~~~~~~~~~~~
    + CategoryInfo          : NotSpecified: (C:\Users\Velina...cope" is u 
   nset.:String) [], RemoteException
    + FullyQualifiedErrorId : NativeCommandError
 
The event loop scope for asynchronous fixtures will default to the 
fixture caching scope. Future versions of pytest-asyncio will default the 
loop scope for asynchronous fixtures to function scope. Set the default 
fixture loop scope explicitly in order to avoid unexpected behavior in 
the future. Valid fixture loop scopes are: "function", "class", "module", 
"package", "session"

  
warnings.warn(PytestDeprecationWarning(_DEFAULT_FIXTURE_LOOP_SCOPE_UNSET))
============================= test session starts =============================
platform win32 -- Python 3.12.10, pytest-8.3.3, pluggy-1.6.0 -- C:\Users\Velina\Documents\GitHub\spann\.venv\Scripts\python.exe
cachedir: .pytest_cache
rootdir: C:\Users\Velina\Documents\GitHub\spann\backend
plugins: anyio-4.13.0, asyncio-0.24.0, cov-5.0.0
asyncio: mode=Mode.STRICT, default_loop_scope=None
collecting ... collected 159 items

tests/test_auth.py::test_login_success PASSED                            [  0%]
tests/test_auth.py::test_login_wrong_password PASSED                     [  1%]
tests/test_auth.py::test_login_unknown_email PASSED                      [  1%]
tests/test_auth.py::test_login_missing_fields PASSED                     [  2%]
tests/test_auth.py::test_login_extra_fields_rejected PASSED              [  3%]
tests/test_auth.py::test_login_password_too_short PASSED                 [  3%]
tests/test_auth.py::test_login_email_too_long PASSED                     [  4%]
tests/test_auth.py::test_access_token_contains_required_claims PASSED    [  5%]
tests/test_auth.py::test_access_token_expires_in_15_minutes PASSED       [  5%]
tests/test_auth.py::test_expired_token_rejected PASSED                   [  6%]
tests/test_auth.py::test_wrong_secret_rejected PASSED                    [  6%]
tests/test_auth.py::test_missing_token_rejected PASSED                   [  7%]
tests/test_auth.py::test_malformed_token_rejected PASSED                 [  8%]
tests/test_auth.py::test_missing_sub_claim_rejected PASSED               [  8%]
tests/test_auth.py::test_missing_exp_claim_rejected PASSED               [  9%]
tests/test_auth.py::test_refresh_returns_new_token_pair PASSED           [ 10%]
tests/test_auth.py::test_refresh_old_token_invalid_after_rotation PASSED [ 10%]
tests/test_auth.py::test_refresh_new_token_works PASSED                  [ 11%]
tests/test_auth.py::test_refresh_expired_token_rejected PASSED           [ 11%]
tests/test_auth.py::test_refresh_revoked_token_rejected PASSED           [ 12%]
tests/test_auth.py::test_refresh_reuse_detection PASSED                  [ 13%]
tests/test_auth.py::test_refresh_reuse_invalidates_all_sessions PASSED   [ 13%]
tests/test_auth.py::test_refresh_missing_token_field PASSED              [ 14%]
tests/test_auth.py::test_refresh_token_stored_as_hash PASSED             [ 15%]
tests/test_auth.py::test_logout_revokes_refresh_token PASSED             [ 15%]
tests/test_auth.py::test_logout_access_token_still_valid_until_expiry PASSED [ 16%]
tests/test_auth.py::test_logout_missing_refresh_token PASSED             [ 16%]
tests/test_auth.py::test_logout_already_revoked_token PASSED             [ 17%]
tests/test_auth.py::test_auth_rate_limit_enforced PASSED                 [ 18%]
tests/test_auth.py::test_auth_rate_limit_retry_after_header PASSED       [ 18%]
tests/test_auth.py::test_auth_rate_limit_x_headers PASSED                [ 19%]
tests/test_auth.py::test_auth_rate_limit_resets_after_window PASSED      [ 20%]
tests/test_auth.py::test_auth_rate_limit_per_ip_isolation PASSED         [ 20%]
tests/test_carbon.py::test_create_carbon_log_success PASSED              [ 21%]
tests/test_carbon.py::test_create_carbon_log_negative_value_rejected PASSED [ 22%]
tests/test_carbon.py::test_create_carbon_log_invalid_unit PASSED         [ 22%]
tests/test_carbon.py::test_list_carbon_logs_success PASSED               [ 23%]
tests/test_carbon.py::test_get_carbon_log_by_id PASSED                   [ 23%]
tests/test_carbon.py::test_get_carbon_log_missing PASSED                 [ 24%]
tests/test_carbon.py::test_update_carbon_log_success PASSED              [ 25%]
tests/test_carbon.py::test_delete_carbon_log_success PASSED              [ 25%]
tests/test_carbon.py::test_carbon_summary_total PASSED                   [ 26%]
tests/test_carbon.py::test_carbon_workspace_isolation PASSED             [ 27%]
tests/test_carbon.py::test_get_leaderboard PASSED                        [ 27%]
tests/test_carbon.py::test_log_carbon_entry PASSED                       [ 28%]
tests/test_carbon.py::test_leaderboard_forbidden_without_workspace_access PASSED [ 28%]
tests/test_celery_tasks.py::test_recalculate_carbon_leaderboard_task PASSED [ 29%]
tests/test_celery_tasks.py::test_generate_coaching_nudge_task_cache_hit PASSED [ 30%]
tests/test_celery_tasks.py::test_generate_coaching_nudge_task_cache_miss_publish PASSED [ 30%]
tests/test_celery_tasks.py::test_score_active_channels_task_success PASSED [ 31%]
tests/test_celery_tasks.py::test_score_single_channel_task_skips_duplicate_minute PASSED [ 32%]
tests/test_celery_tasks.py::test_score_single_channel_task_success PASSED [ 32%]
tests/test_channels.py::test_create_channel_success PASSED               [ 33%]
tests/test_channels.py::test_create_channel_duplicate_name_same_workspace PASSED [ 33%]
tests/test_channels.py::test_create_channel_same_name_different_workspace PASSED [ 34%]
tests/test_channels.py::test_create_channel_name_too_long PASSED         [ 35%]
tests/test_channels.py::test_create_channel_invalid_chars PASSED         [ 35%]
tests/test_channels.py::test_list_channels_returns_workspace_channels_only PASSED [ 36%]
tests/test_channels.py::test_get_channel_details PASSED                  [ 37%]
tests/test_channels.py::test_get_nonexistent_channel PASSED              [ 37%]
tests/test_channels.py::test_update_channel_name_success PASSED          [ 38%]
tests/test_channels.py::test_update_channel_conflict_duplicate_name PASSED [ 38%]
tests/test_channels.py::test_delete_channel_success PASSED               [ 39%]
tests/test_channels.py::test_delete_channel_nonexistent PASSED           [ 40%]
tests/test_channels.py::test_non_member_cannot_view_private_channel PASSED [ 40%]
tests/test_channels.py::test_join_channel_success PASSED                 [ 41%]
tests/test_channels.py::test_join_already_member_idempotent PASSED       [ 42%]
tests/test_channels.py::test_leave_channel_success PASSED                [ 42%]
tests/test_channels.py::test_leave_non_member PASSED                     [ 43%]
tests/test_channels.py::test_channel_list_pagination[1] PASSED           [ 44%]
tests/test_channels.py::test_channel_list_pagination[5] PASSED           [ 44%]
tests/test_channels.py::test_channel_list_pagination[20] PASSED          [ 45%]
tests/test_channels.py::test_channel_list_sorted_by_created_at_desc PASSED [ 45%]
tests/test_channels.py::test_channel_requires_auth PASSED                [ 46%]
tests/test_channels.py::test_list_channels PASSED                        [ 47%]
tests/test_channels.py::test_create_channel PASSED                       [ 47%]
tests/test_channels.py::test_list_channels_forbidden_when_no_workspace_access PASSED [ 48%]
tests/test_database_carbon.py::test_create_carbon_log_updates_same_day_entry_and_applies_delta PASSED [ 49%]
tests/test_integration.py::test_end_to_end_auth_channel_message_translate_flow PASSED [ 49%]
tests/test_integration.py::test_cross_workspace_isolation_full_flow PASSED [ 50%]
tests/test_integration.py::test_channel_membership_and_visibility PASSED [ 50%]
tests/test_integration.py::test_mesh_to_api_liveness_integration PASSED  [ 51%]
tests/test_integration.py::test_health_and_metrics_available PASSED      [ 52%]
tests/test_mesh.py::test_mesh_valid_hmac_request PASSED                  [ 52%]
tests/test_mesh.py::test_mesh_invalid_signature PASSED                   [ 53%]
tests/test_mesh.py::test_mesh_missing_signature_header PASSED            [ 54%]
tests/test_mesh.py::test_mesh_missing_timestamp_header PASSED            [ 54%]
tests/test_mesh.py::test_mesh_stale_timestamp_rejected PASSED            [ 55%]
tests/test_mesh.py::test_mesh_future_timestamp_rejected PASSED           [ 55%]
tests/test_mesh.py::test_mesh_replay_nonce_rejected PASSED               [ 56%]
tests/test_mesh.py::test_mesh_payload_hash_mismatch_rejected PASSED      [ 57%]
tests/test_mesh.py::test_mesh_invalid_content_type_rejected PASSED       [ 57%]
tests/test_mesh.py::test_mesh_bad_json_rejected PASSED                   [ 58%]
tests/test_mesh.py::test_mesh_sync PASSED                                [ 59%]
tests/test_mesh.py::test_mesh_sync_accepts_internal_shared_token PASSED  [ 59%]
tests/test_mesh.py::test_mesh_sync_rejects_invalid_internal_shared_token PASSED [ 60%]
tests/test_messages.py::test_send_message_success FAILED                 [ 61%]

================================== FAILURES ===================================
__________________________ test_send_message_success __________________________
tests\test_messages.py:18: in test_send_message_success
    response = _message(client, auth_headers, channel["id"], "hello")
E   TypeError: 'NoneType' object is not subscriptable
---------------------------- Captured stderr call -----------------------------
{"asctime": "2026-04-07 16:46:17,195", "levelname": "ERROR", "name": "app.middleware.rate_limit", "message": "rate_limit_fail_open", "request_id": "7bc3826e-567d-4398-9e1d-b3fe8626c324", "bucket": "public", "identity": "testclient", "error": "Timeout connecting to server", "level": "ERROR", "logger": "app.middleware.rate_limit"}
{"asctime": "2026-04-07 16:46:17,196", "levelname": "INFO", "name": "app.middleware.request_context", "message": "request_complete", "request_id": "7bc3826e-567d-4398-9e1d-b3fe8626c324", "method": "POST", "path": "/channels", "status": 422, "latency_ms": 509.28, "level": "INFO", "logger": "app.middleware.request_context"}
{"asctime": "2026-04-07 16:46:23,962", "levelname": "INFO", "name": "httpx", "message": "HTTP Request: POST http://testserver/channels \"HTTP/1.1 422 Unprocessable Entity\"", "request_id": null, "level": "INFO", "logger": "httpx"}
------------------------------ Captured log call ------------------------------
ERROR    app.middleware.rate_limit:rate_limit.py:149 rate_limit_fail_open
INFO     app.middleware.request_context:request_context.py:31 request_complete
INFO     httpx:_client.py:1038 HTTP Request: POST http://testserver/channels "HTTP/1.1 422 Unprocessable Entity"
============================== warnings summary ===============================
tests/test_auth.py::test_login_success
  C:\Users\Velina\Documents\GitHub\spann\.venv\Lib\site-packages\pythonjsonlogger\jsonlogger.py:11: DeprecationWarning: pythonjsonlogger.jsonlogger has been moved to pythonjsonlogger.json
    warnings.warn(

tests/test_auth.py: 34 warnings
tests/test_carbon.py: 13 warnings
tests/test_channels.py: 25 warnings
tests/test_integration.py: 5 warnings
tests/test_mesh.py: 13 warnings
tests/test_messages.py: 1 warning
  C:\Users\Velina\Documents\GitHub\spann\backend\app\main.py:131: DeprecationWarning: 
          on_event is deprecated, use lifespan event handlers instead.
  
          Read more about it in the
          [FastAPI docs for Lifespan Events](https://fastapi.tiangolo.com/advanced/events/).
          
    @app.on_event("startup")

tests/test_auth.py: 68 warnings
tests/test_carbon.py: 26 warnings
tests/test_channels.py: 50 warnings
tests/test_integration.py: 10 warnings
tests/test_mesh.py: 26 warnings
tests/test_messages.py: 2 warnings
  C:\Users\Velina\Documents\GitHub\spann\.venv\Lib\site-packages\fastapi\applications.py:4656: DeprecationWarning: 
          on_event is deprecated, use lifespan event handlers instead.
  
          Read more about it in the
          [FastAPI docs for Lifespan Events](https://fastapi.tiangolo.com/advanced/events/).
          
    return self.router.on_event(event_type)  # ty: ignore[deprecated]

tests/test_auth.py: 34 warnings
tests/test_carbon.py: 13 warnings
tests/test_channels.py: 25 warnings
tests/test_integration.py: 5 warnings
tests/test_mesh.py: 13 warnings
tests/test_messages.py: 1 warning
  C:\Users\Velina\Documents\GitHub\spann\backend\app\main.py:153: DeprecationWarning: 
          on_event is deprecated, use lifespan event handlers instead.
  
          Read more about it in the
          [FastAPI docs for Lifespan Events](https://fastapi.tiangolo.com/advanced/events/).
          
    @app.on_event("shutdown")

tests/test_auth.py::test_wrong_secret_rejected
  C:\Users\Velina\Documents\GitHub\spann\.venv\Lib\site-packages\jwt\api_jwt.py:147: InsecureKeyLengthWarning: The HMAC key is 12 bytes long, which is below the minimum recommended length of 32 bytes for SHA256. See RFC 7518 Section 3.2.
    return self._jws.encode(

tests/test_auth.py::test_logout_access_token_still_valid_until_expiry
  C:\Users\Velina\Documents\GitHub\spann\.venv\Lib\site-packages\supabase\_async\client.py:310: DeprecationWarning: The 'timeout' parameter is deprecated. Please configure it in the http client instead.
    return AsyncPostgrestClient(

tests/test_auth.py::test_logout_access_token_still_valid_until_expiry
  C:\Users\Velina\Documents\GitHub\spann\.venv\Lib\site-packages\supabase\_async\client.py:310: DeprecationWarning: The 'verify' parameter is deprecated. Please configure it in the http client instead.
    return AsyncPostgrestClient(

-- Docs: https://docs.pytest.org/en/stable/how-to/capture-warnings.html

---------- coverage: platform win32, python 3.12.10-final-0 ----------
Name                                Stmts   Miss  Cover   Missing
-----------------------------------------------------------------
app\__init__.py                         0      0   100%
app\config.py                          61      7    89%   67, 81, 87-91
app\database.py                       438    297    32%   77-89, 102-104, 125-126, 134-141, 146-168, 176-178, 192-205, 210-221, 238, 240, 246, 251-263, 276-290, 295-304, 309-310, 320-321, 341-374, 384-445, 451-457, 465-469, 474-482, 495-507, 520-521, 532-575, 589-603, 608-617, 622-651, 656-664, 669-681, 686-693, 698-710, 715-725, 730-731, 747-756, 768-785, 801, 805, 810, 812, 865-885, 897-923, 939-963, 968-1011, 1016-1028, 1033-1042, 1047-1048, 1058-1076
app\main.py                            92     24    74%   93-95, 137-150, 159-168
app\metrics.py                         58      9    84%   137-146
app\middleware\__init__.py              0      0   100%
app\middleware\auth.py                 47      2    96%   67, 99
app\middleware\rate_limit.py           86     16    81%   88, 93, 117-144, 146
app\middleware\request_context.py      18      0   100%
app\models\__init__.py                  0      0   100%
app\models\carbon_log.py               13     13     0%   3-22
app\models\channel.py                  12     12     0%   3-21
app\models\message.py                  13     13     0%   3-22
app\models\user.py                     14     14     0%   3-23
app\routers\__init__.py                 0      0   100%
app\routers\auth.py                    79      8    90%   66, 103, 115, 137, 162, 165, 179-180
app\routers\carbon.py                  36      2    94%   62, 74
app\routers\channels.py                26      0   100%
app\routers\mesh.py                    86     43    50%   54, 60, 80-115, 130-144, 154-156
app\routers\messages.py                68     30    56%   44-54, 69, 77, 114-130, 141-151
app\routers\pulse.py                   13      4    69%   23-30
app\routers\translate.py               17      4    76%   27-34
app\routers\users.py                   12      1    92%   30
app\schemas\__init__.py                 0      0   100%
app\schemas\auth.py                    18      0   100%
app\schemas\carbon.py                  23     23     0%   3-40
app\schemas\common.py                  17      0   100%
app\schemas\message.py                 20      0   100%
app\schemas\translate.py               17      0   100%
app\schemas\user.py                    19      0   100%
app\services\__init__.py                0      0   100%
app\services\coaching.py               20     15    25%   22-53
app\services\groq_client.py           102     70    31%   47-49, 54, 59-61, 67-69, 74-76, 81-82, 95-186, 191-193
app\services\redis_client.py           42     23    45%   26-35, 40-43, 48, 53-54, 59-60, 65-66, 71-74
app\services\sentiment.py              24     15    38%   15, 21, 27-42, 48-51
app\services\translation.py            10      0   100%
app\tasks\__init__.py                   0      0   100%
app\tasks\carbon.py                    16      0   100%
app\tasks\coaching.py                  31      6    81%   46-58, 61, 80
app\tasks\sentiment.py                 34      8    76%   33-41, 65-73
app\tasks\worker.py                     7      0   100%
-----------------------------------------------------------------
TOTAL                                1589    659    59%
Coverage HTML written to dir htmlcov

=========================== short test summary info ===========================
FAILED tests/test_messages.py::test_send_message_success - TypeError: 'NoneTy...
!!!!!!!!!!!!!!!!!!!!!!!!!! stopping after 1 failures !!!!!!!!!!!!!!!!!!!!!!!!!!
=========== 1 failed, 96 passed, 368 warnings in 261.35s (0:04:21) ============
